// Jest Snapshot v1, https://goo.gl/fbAQLP

exports[`Rendering of Search in Parking Lot Content Component Parking Lot Content component Snapshot testing when 1`] = `
<ContextProvider
  value={false}
>
  <ContextProvider
    value={
      QueryClient {
        "defaultOptions": Object {},
        "mutationCache": MutationCache {
          "config": Object {},
          "listeners": Array [],
          "mutationId": 0,
          "mutations": Array [],
        },
        "mutationDefaults": Array [],
        "queryCache": QueryCache {
          "config": Object {},
          "listeners": Array [],
          "queries": Array [],
          "queriesMap": Object {},
        },
        "queryDefaults": Array [],
      }
    }
  >
    <ProductManagement />
  </ContextProvider>
</ContextProvider>
`;
