// Jest Snapshot v1, https://goo.gl/fbAQLP

exports[`load inforView component load component 1`] = `
Object {
  "asFragment": [Function],
  "baseElement": <body>
    <div>
      <div
        class="infoPanelUI"
      >
        <h5
          class="MuiTypography-root MuiTypography-h5 disclaimerTextBox css-17261w9-MuiTypography-root"
        >
          parkingLotManagement.infoView.addproductopistext
        </h5>
        <div
          class="MuiGrid-root MuiGrid-container mainDataDiv css-11lq3yg-MuiGrid-root"
        />
      </div>
    </div>
  </body>,
  "container": <div>
    <div
      class="infoPanelUI"
    >
      <h5
        class="MuiTypography-root MuiTypography-h5 disclaimerTextBox css-17261w9-MuiTypography-root"
      >
        parkingLotManagement.infoView.addproductopistext
      </h5>
      <div
        class="MuiGrid-root MuiGrid-container mainDataDiv css-11lq3yg-MuiGrid-root"
      />
    </div>
  </div>,
  "debug": [Function],
  "findAllByAltText": [Function],
  "findAllByDisplayValue": [Function],
  "findAllByLabelText": [Function],
  "findAllByPlaceholderText": [Function],
  "findAllByRole": [Function],
  "findAllByTestId": [Function],
  "findAllByText": [Function],
  "findAllByTitle": [Function],
  "findByAltText": [Function],
  "findByDisplayValue": [Function],
  "findByLabelText": [Function],
  "findByPlaceholderText": [Function],
  "findByRole": [Function],
  "findByTestId": [Function],
  "findByText": [Function],
  "findByTitle": [Function],
  "getAllByAltText": [Function],
  "getAllByDisplayValue": [Function],
  "getAllByLabelText": [Function],
  "getAllByPlaceholderText": [Function],
  "getAllByRole": [Function],
  "getAllByTestId": [Function],
  "getAllByText": [Function],
  "getAllByTitle": [Function],
  "getByAltText": [Function],
  "getByDisplayValue": [Function],
  "getByLabelText": [Function],
  "getByPlaceholderText": [Function],
  "getByRole": [Function],
  "getByTestId": [Function],
  "getByText": [Function],
  "getByTitle": [Function],
  "queryAllByAltText": [Function],
  "queryAllByDisplayValue": [Function],
  "queryAllByLabelText": [Function],
  "queryAllByPlaceholderText": [Function],
  "queryAllByRole": [Function],
  "queryAllByTestId": [Function],
  "queryAllByText": [Function],
  "queryAllByTitle": [Function],
  "queryByAltText": [Function],
  "queryByDisplayValue": [Function],
  "queryByLabelText": [Function],
  "queryByPlaceholderText": [Function],
  "queryByRole": [Function],
  "queryByTestId": [Function],
  "queryByText": [Function],
  "queryByTitle": [Function],
  "rerender": [Function],
  "unmount": [Function],
}
`;
