// Jest Snapshot v1, https://goo.gl/fbAQLP

exports[`load triple col section component load component 1`] = `
Object {
  "asFragment": [Function],
  "baseElement": <body>
    <div>
      <div
        class="sectionBox"
      >
        <h4>
          Pricing
           
        </h4>
        <div>
          <div
            class="MuiGrid-root MuiGrid-container MuiGrid-item MuiGrid-spacing-xs-2 MuiGrid-grid-xs-12 css-sa6qj6-MuiGrid-root"
          >
            <div
              class="MuiGrid-root MuiGrid-item MuiGrid-grid-xs-4 sectionRowLabel tripleColSectionRowLabel css-gj1fbr-MuiGrid-root"
            >
              Diesel
              <div
                class="subKey"
              >
                (Custom name)
                 
              </div>
            </div>
            <div
              class="MuiGrid-root MuiGrid-item MuiGrid-grid-xs-4 sectionRowValue sectionRowMidValue css-gj1fbr-MuiGrid-root"
            >
              $16.8416/gal
            </div>
            <div
              class="MuiGrid-root MuiGrid-item MuiGrid-grid-xs-4 sectionRowValue tripleColSectionRowValue css-gj1fbr-MuiGrid-root"
            >
              OPIS Rack
            </div>
          </div>
          <hr
            class="MuiDivider-root MuiDivider-fullWidth sectionRowDivider css-9mgopn-MuiDivider-root"
          />
        </div>
        <div>
          <div
            class="MuiGrid-root MuiGrid-container MuiGrid-item MuiGrid-spacing-xs-2 MuiGrid-grid-xs-12 css-sa6qj6-MuiGrid-root"
          >
            <div
              class="MuiGrid-root MuiGrid-item MuiGrid-grid-xs-4 sectionRowLabel tripleColSectionRowLabel css-gj1fbr-MuiGrid-root"
            >
              Regular1 Retail
              <div
                class="subKey"
              >
                (Custom name)
                 
              </div>
            </div>
            <div
              class="MuiGrid-root MuiGrid-item MuiGrid-grid-xs-4 sectionRowValue sectionRowMidValue css-gj1fbr-MuiGrid-root"
            >
              $5.4540/gal
            </div>
            <div
              class="MuiGrid-root MuiGrid-item MuiGrid-grid-xs-4 sectionRowValue tripleColSectionRowValue css-gj1fbr-MuiGrid-root"
            >
              OPIS Retail
            </div>
          </div>
          <hr
            class="MuiDivider-root MuiDivider-fullWidth sectionRowDivider css-9mgopn-MuiDivider-root"
          />
        </div>
      </div>
    </div>
  </body>,
  "container": <div>
    <div
      class="sectionBox"
    >
      <h4>
        Pricing
         
      </h4>
      <div>
        <div
          class="MuiGrid-root MuiGrid-container MuiGrid-item MuiGrid-spacing-xs-2 MuiGrid-grid-xs-12 css-sa6qj6-MuiGrid-root"
        >
          <div
            class="MuiGrid-root MuiGrid-item MuiGrid-grid-xs-4 sectionRowLabel tripleColSectionRowLabel css-gj1fbr-MuiGrid-root"
          >
            Diesel
            <div
              class="subKey"
            >
              (Custom name)
               
            </div>
          </div>
          <div
            class="MuiGrid-root MuiGrid-item MuiGrid-grid-xs-4 sectionRowValue sectionRowMidValue css-gj1fbr-MuiGrid-root"
          >
            $16.8416/gal
          </div>
          <div
            class="MuiGrid-root MuiGrid-item MuiGrid-grid-xs-4 sectionRowValue tripleColSectionRowValue css-gj1fbr-MuiGrid-root"
          >
            OPIS Rack
          </div>
        </div>
        <hr
          class="MuiDivider-root MuiDivider-fullWidth sectionRowDivider css-9mgopn-MuiDivider-root"
        />
      </div>
      <div>
        <div
          class="MuiGrid-root MuiGrid-container MuiGrid-item MuiGrid-spacing-xs-2 MuiGrid-grid-xs-12 css-sa6qj6-MuiGrid-root"
        >
          <div
            class="MuiGrid-root MuiGrid-item MuiGrid-grid-xs-4 sectionRowLabel tripleColSectionRowLabel css-gj1fbr-MuiGrid-root"
          >
            Regular1 Retail
            <div
              class="subKey"
            >
              (Custom name)
               
            </div>
          </div>
          <div
            class="MuiGrid-root MuiGrid-item MuiGrid-grid-xs-4 sectionRowValue sectionRowMidValue css-gj1fbr-MuiGrid-root"
          >
            $5.4540/gal
          </div>
          <div
            class="MuiGrid-root MuiGrid-item MuiGrid-grid-xs-4 sectionRowValue tripleColSectionRowValue css-gj1fbr-MuiGrid-root"
          >
            OPIS Retail
          </div>
        </div>
        <hr
          class="MuiDivider-root MuiDivider-fullWidth sectionRowDivider css-9mgopn-MuiDivider-root"
        />
      </div>
    </div>
  </div>,
  "debug": [Function],
  "findAllByAltText": [Function],
  "findAllByDisplayValue": [Function],
  "findAllByLabelText": [Function],
  "findAllByPlaceholderText": [Function],
  "findAllByRole": [Function],
  "findAllByTestId": [Function],
  "findAllByText": [Function],
  "findAllByTitle": [Function],
  "findByAltText": [Function],
  "findByDisplayValue": [Function],
  "findByLabelText": [Function],
  "findByPlaceholderText": [Function],
  "findByRole": [Function],
  "findByTestId": [Function],
  "findByText": [Function],
  "findByTitle": [Function],
  "getAllByAltText": [Function],
  "getAllByDisplayValue": [Function],
  "getAllByLabelText": [Function],
  "getAllByPlaceholderText": [Function],
  "getAllByRole": [Function],
  "getAllByTestId": [Function],
  "getAllByText": [Function],
  "getAllByTitle": [Function],
  "getByAltText": [Function],
  "getByDisplayValue": [Function],
  "getByLabelText": [Function],
  "getByPlaceholderText": [Function],
  "getByRole": [Function],
  "getByTestId": [Function],
  "getByText": [Function],
  "getByTitle": [Function],
  "queryAllByAltText": [Function],
  "queryAllByDisplayValue": [Function],
  "queryAllByLabelText": [Function],
  "queryAllByPlaceholderText": [Function],
  "queryAllByRole": [Function],
  "queryAllByTestId": [Function],
  "queryAllByText": [Function],
  "queryAllByTitle": [Function],
  "queryByAltText": [Function],
  "queryByDisplayValue": [Function],
  "queryByLabelText": [Function],
  "queryByPlaceholderText": [Function],
  "queryByRole": [Function],
  "queryByTestId": [Function],
  "queryByText": [Function],
  "queryByTitle": [Function],
  "rerender": [Function],
  "unmount": [Function],
}
`;
