// Jest Snapshot v1, https://goo.gl/fbAQLP

exports[`Rendering of File Upload Component File Upload component Snapshot testing 1`] = `
<Fragment>
  <div
    onBlur={[Function]}
    onClick={[Function]}
    onDragEnter={[Function]}
    onDragLeave={[Function]}
    onDragOver={[Function]}
    onDrop={[Function]}
    onFocus={[Function]}
    onKeyDown={[Function]}
    role="button"
    tabIndex={0}
  >
    <input
      autoComplete="off"
      onChange={[Function]}
      onClick={[Function]}
      style={
        Object {
          "display": "none",
        }
      }
      tabIndex={-1}
      type="file"
    />
  </div>
</Fragment>
`;
